Sources snapshot: /tmp/mls-dictation-completion.wX5CJi
duplicate-own-notification: result=inserted actual="Давай проверим, работает ли вставка." posts=3 caret={36, 0}
queued-recording-receipt: result=fallback(main.DictationInsertionFailure.changed) posts=0
PASS: literal completion, chunks, Unicode paragraphs, selected replacement, duplicate/delayed/coalesced notifications, delayed value/caret, sticky external cancellation, no-op/partial/no retry, clipboard
Sources snapshot: /tmp/mls-dictation-completion.OolTQM
foreign-value / concurrent own-state publication: result=fallback(main.DictationInsertionFailure.unconfirmed) posts=1 allowed=false value="Давай проверим, "
PASS: sampled foreign AX state remains cancellation after confirmWrite advances
Sources snapshot: /tmp/mls-dictation-completion.JMPk82
foreign-range / concurrent own-state publication: result=fallback(main.DictationInsertionFailure.unconfirmed) posts=1 allowed=false value="Давай проверим, "
PASS: sampled foreign AX state remains cancellation after confirmWrite advances
Sources snapshot: /tmp/mls-dictation-completion.XcmQK4
previous-own / concurrent own-state publication: result=inserted posts=3 allowed=true value="Давай проверим, работает ли вставка."
PASS: legitimate concurrent own snapshot completes once
Sources snapshot: /tmp/mls-dictation-completion.uE4XJT
next-own / concurrent own-state publication: result=inserted posts=3 allowed=true value="Давай проверим, работает ли вставка."
PASS: legitimate concurrent own snapshot completes once
Sources snapshot: /tmp/mls-dictation-completion.8SGRod
Captured intermediate legitimate own value/range at chunk2
four: next-own / concurrent own-state publication: result=inserted posts=7 allowed=true units=108
PASS: legitimate concurrent own snapshot completes once
Sources snapshot: /tmp/mls-dictation-completion.65jOX9
Captured intermediate legitimate own value/range at chunk2
capacity: next-own / concurrent own-state publication: result=inserted posts=27 allowed=true units=432
PASS: legitimate concurrent own snapshot completes once
Sources snapshot: /tmp/mls-dictation-completion.MmuCxl
Captured intermediate legitimate own value/range at chunk2
PASS: stalled at capacity: posts=16 elapsed=0.6061180830001831, unconfirmed + sticky cancel + late-reader cleanup
Sources snapshot: /tmp/mls-dictation-completion.r6z3eD
Captured intermediate legitimate own value/range at chunk2
PASS: cancel at capacity: posts=16 elapsed=0.054322004318237305, unconfirmed + sticky cancel + late-reader cleanup
Sources snapshot: /tmp/mls-dictation-completion.Kzj8GP
Captured intermediate legitimate own value/range at chunk2
PASS: focus at capacity: posts=16 elapsed=0.055313944816589355, unconfirmed + sticky cancel + late-reader cleanup
Sources snapshot: /tmp/mls-dictation-completion.3LqYT7
Captured intermediate legitimate own value/range at chunk2
PASS: completed read's own history cannot exempt later foreign restoration
Sources snapshot: /tmp/mls-dictation-completion.re4mz2
Captured intermediate legitimate own value/range at chunk2
mutate-value after capacity wait: result=fallback(main.DictationInsertionFailure.unconfirmed) posts=16 allowed=false value="FOREIGN"
PASS: exact target/value/caret/permit rechecked after capacity wait, no further write/retry
Sources snapshot: /tmp/mls-dictation-completion.shuwhq
Captured intermediate legitimate own value/range at chunk2
mutate-range after capacity wait: result=fallback(main.DictationInsertionFailure.unconfirmed) posts=16 allowed=false value="Давай проверим, работает ли вставка.Давай проверим, работает ли вставка.Давай проверим, работает ли вставка.Давай проверим, работает ли вставка.Давай проверим, работает ли вставка.Давай проверим, работает ли вставка.Давай проверим, работает ли вставка.Дава"
PASS: exact target/value/caret/permit rechecked after capacity wait, no further write/retry
Sources snapshot: /tmp/mls-dictation-completion.J783zc
Captured intermediate legitimate own value/range at chunk2
mutate-field after capacity wait: result=fallback(main.DictationInsertionFailure.unconfirmed) posts=16 allowed=false value="Давай проверим, работает ли вставка.Давай проверим, работает ли вставка.Давай проверим, работает ли вставка.Давай проверим, работает ли вставка.Давай проверим, работает ли вставка.Давай проверим, работает ли вставка.Давай проверим, работает ли вставка.Дава"
PASS: exact target/value/caret/permit rechecked after capacity wait, no further write/retry
Sources snapshot: /tmp/mls-dictation-completion.Ge994c
Captured intermediate legitimate own value/range at chunk2
mutate-secure after capacity wait: result=fallback(main.DictationInsertionFailure.unconfirmed) posts=16 allowed=false value="Давай проверим, работает ли вставка.Давай проверим, работает ли вставка.Давай проверим, работает ли вставка.Давай проверим, работает ли вставка.Давай проверим, работает ли вставка.Давай проверим, работает ли вставка.Давай проверим, работает ли вставка.Дава"
PASS: exact target/value/caret/permit rechecked after capacity wait, no further write/retry
