Sources snapshot: /tmp/mls-dictation-completion.rKUHDH
duplicate-own-notification: result=inserted actual="Давай проверим, работает ли вставка." posts=3 caret={36, 0}
queued-recording-receipt: result=fallback(main.DictationInsertionFailure.changed) posts=0
PASS: literal completion, chunks, Unicode paragraphs, selected replacement, duplicate/delayed/coalesced notifications, delayed value/caret, sticky external cancellation, no-op/partial/no retry, clipboard
Sources snapshot: /tmp/mls-dictation-completion.UmcYWQ
foreign-value / concurrent own-state publication: result=fallback(main.DictationInsertionFailure.unconfirmed) posts=1 allowed=false value="Давай проверим, "
PASS: sampled foreign AX state remains cancellation after confirmWrite advances
Sources snapshot: /tmp/mls-dictation-completion.qys5d3
foreign-range / concurrent own-state publication: result=fallback(main.DictationInsertionFailure.unconfirmed) posts=1 allowed=false value="Давай проверим, "
PASS: sampled foreign AX state remains cancellation after confirmWrite advances
Sources snapshot: /tmp/mls-dictation-completion.YbXlgy
previous-own / concurrent own-state publication: result=inserted posts=3 allowed=true value="Давай проверим, работает ли вставка."
PASS: legitimate concurrent own snapshot completes once
Sources snapshot: /tmp/mls-dictation-completion.OJkDih
next-own / concurrent own-state publication: result=inserted posts=3 allowed=true value="Давай проверим, работает ли вставка."
PASS: legitimate concurrent own snapshot completes once
Sources snapshot: /tmp/mls-dictation-completion.o01BAa
Captured intermediate legitimate own value/range at chunk2
four: next-own / concurrent own-state publication: result=inserted posts=7 allowed=true units=108
PASS: legitimate concurrent own snapshot completes once
Sources snapshot: /tmp/mls-dictation-completion.uGjKgk
Captured intermediate legitimate own value/range at chunk2
capacity: next-own / concurrent own-state publication: result=inserted posts=27 allowed=true units=432
PASS: legitimate concurrent own snapshot completes once
Sources snapshot: /tmp/mls-dictation-completion.RyaBoI
Captured intermediate legitimate own value/range at chunk2
PASS: stalled at capacity: posts=16 elapsed=0.605976939201355, unconfirmed + sticky cancel + late-reader cleanup
Sources snapshot: /tmp/mls-dictation-completion.iRliGU
Captured intermediate legitimate own value/range at chunk2
PASS: cancel at capacity: posts=16 elapsed=0.05592501163482666, unconfirmed + sticky cancel + late-reader cleanup
Sources snapshot: /tmp/mls-dictation-completion.xHeqp1
Captured intermediate legitimate own value/range at chunk2
PASS: focus at capacity: posts=16 elapsed=0.058917999267578125, unconfirmed + sticky cancel + late-reader cleanup
Sources snapshot: /tmp/mls-dictation-completion.LzJAop
Captured intermediate legitimate own value/range at chunk2
PASS: completed read's own history cannot exempt later foreign restoration
Sources snapshot: /tmp/mls-dictation-completion.mXetY3
Captured intermediate legitimate own value/range at chunk2
mutate-value after capacity wait: result=fallback(main.DictationInsertionFailure.unconfirmed) posts=16 allowed=false value="FOREIGN"
PASS: exact target/value/caret/permit rechecked after capacity wait, no further write/retry
Sources snapshot: /tmp/mls-dictation-completion.JmHq5d
Captured intermediate legitimate own value/range at chunk2
mutate-range after capacity wait: result=fallback(main.DictationInsertionFailure.unconfirmed) posts=16 allowed=false value="Давай проверим, работает ли вставка.Давай проверим, работает ли вставка.Давай проверим, работает ли вставка.Давай проверим, работает ли вставка.Давай проверим, работает ли вставка.Давай проверим, работает ли вставка.Давай проверим, работает ли вставка.Дава"
PASS: exact target/value/caret/permit rechecked after capacity wait, no further write/retry
Sources snapshot: /tmp/mls-dictation-completion.2bRF4r
Captured intermediate legitimate own value/range at chunk2
mutate-field after capacity wait: result=fallback(main.DictationInsertionFailure.unconfirmed) posts=16 allowed=false value="Давай проверим, работает ли вставка.Давай проверим, работает ли вставка.Давай проверим, работает ли вставка.Давай проверим, работает ли вставка.Давай проверим, работает ли вставка.Давай проверим, работает ли вставка.Давай проверим, работает ли вставка.Дава"
PASS: exact target/value/caret/permit rechecked after capacity wait, no further write/retry
Sources snapshot: /tmp/mls-dictation-completion.YJD73j
Captured intermediate legitimate own value/range at chunk2
mutate-secure after capacity wait: result=fallback(main.DictationInsertionFailure.unconfirmed) posts=16 allowed=false value="Давай проверим, работает ли вставка.Давай проверим, работает ли вставка.Давай проверим, работает ли вставка.Давай проверим, работает ли вставка.Давай проверим, работает ли вставка.Давай проверим, работает ли вставка.Давай проверим, работает ли вставка.Дава"
PASS: exact target/value/caret/permit rechecked after capacity wait, no further write/retry
